
=== Wed Feb  3 20:50:56 2021

Packages were changed.
Update Mode: updateDependencies

The following packages were added:
  com.unity.2d.sprite@1.0.0
  com.unity.2d.tilemap@1.0.0
  com.unity.collab-proxy@1.2.16
  com.unity.ide.rider@1.1.4
  com.unity.ide.vscode@1.2.2
  com.unity.modules.androidjni@1.0.0
  com.unity.multiplayer-hlapi@1.0.6
  com.unity.test-framework@1.1.18
  com.unity.timeline@1.2.6
  com.unity.ugui@1.0.0
  com.unity.xr.legacyinputhelpers@2.1.4
The following packages were updated:
  com.unity.ads from version 2.0.8 to 3.4.9
  com.unity.analytics from version 2.0.16 to 3.3.5
  com.unity.purchasing from version 2.0.3 to 2.1.1
  com.unity.textmeshpro from version 1.2.4 to 2.0.1
The following packages were removed:
  com.unity.package-manager-ui@1.9.11

=== Wed Sep 23 16:17:45 2026

Packages were changed.
Update Mode: updateDependencies

The following packages were added:
  com.unity.ide.visualstudio@2.0.26
  com.unity.modules.adaptiveperformance@1.0.0
  com.unity.modules.physicscore2d@1.0.0
  com.unity.modules.vectorgraphics@1.0.0
  com.unity.ai.navigation@2.0.13
  com.unity.modules.accessibility@1.0.0
  com.unity.multiplayer.center@1.0.1
The following packages were updated:
  com.unity.ads from version 3.4.9 to 4.19.0
  com.unity.analytics from version 3.3.5 to 3.8.2
  com.unity.collab-proxy from version 1.2.16 to 2.12.4
  com.unity.ide.rider from version 1.1.4 to 3.0.38
  com.unity.purchasing from version 2.1.1 to 4.15.1
  com.unity.test-framework from version 1.1.18 to 1.7.0
  com.unity.timeline from version 1.2.6 to 1.8.12
  com.unity.ugui from version 1.0.0 to 2.5.0
  com.unity.xr.legacyinputhelpers from version 2.1.4 to 3.0.1
The following packages were removed:
  com.unity.multiplayer-hlapi@1.0.6
  com.unity.textmeshpro@2.0.1
  com.unity.modules.vr@1.0.0
